// Jest Snapshot v1, https://goo.gl/fbAQLP

exports[`Pruebas en <TodoListItem /> debe mostrarse correctamente 1`] = `
<Fragment>
  <li
    className="list-group-item"
    key="1"
  >
    <p
      className="false"
      onClick={[Function]}
    >
      1
      . 
      Aprender Node
    </p>
    <button
      className="btn btn-danger"
      onClick={[Function]}
    >
      borrar
    </button>
  </li>
</Fragment>
`;
