// Jest Snapshot v1, https://goo.gl/fbAQLP

exports[`Pruebas en <TodoApp /> debe mostrarse correctamente 1`] = `
<div>
  <h1>
    Todo App (
    0
    )
  </h1>
  <hr />
  <div
    className="row"
  >
    <div
      className="col-md-7"
    >
      <TodoList
        handleDelete={[Function]}
        handleToggle={[Function]}
        todos={Array []}
      />
    </div>
    <div
      className=" col-md-5"
    >
      <TodoAdd
        handleAddTodo={[Function]}
      />
    </div>
  </div>
</div>
`;
